2025-12-31 17:40:48,833 [INFO] patching driver executable C:\Users\91630\appdata\roaming\undetected_chromedriver\undetected_chromedriver.exe
2025-12-31 17:40:52,715 [INFO] Downloading (1/45): https://my.acculynx.com/signin/
2025-12-31 17:40:54,836 [INFO] Saved: downloaded_html_acculynx\sign-in.html
2025-12-31 17:40:56,888 [INFO] Downloading (2/45): https://www.acculynx.com/demonstration-request/
2025-12-31 17:41:01,953 [INFO] Saved: downloaded_html_acculynx\see-demo.html
2025-12-31 17:41:04,481 [INFO] Downloading (3/45): https://www.acculynx.com/pricing-request/
2025-12-31 17:41:07,224 [INFO] Saved: downloaded_html_acculynx\get-pricing.html
2025-12-31 17:41:10,144 [INFO] Skipping existing file: downloaded_html_acculynx\see-demo.html
2025-12-31 17:41:10,169 [INFO] Skipping existing file: downloaded_html_acculynx\get-pricing.html
2025-12-31 17:41:10,170 [INFO] Downloading (6/45): https://acculynx.com/features/
2025-12-31 17:41:13,686 [INFO] Saved: downloaded_html_acculynx\features-overviewview-features-at-a-glance.html
2025-12-31 17:41:16,633 [INFO] Downloading (7/45): https://acculynx.com/add-ons/
2025-12-31 17:41:20,240 [INFO] Saved: downloaded_html_acculynx\add-onssee-optional-plan-enhancements.html
2025-12-31 17:41:23,006 [INFO] Downloading (8/45): https://acculynx.com/integrations/
2025-12-31 17:41:27,310 [INFO] Saved: downloaded_html_acculynx\integrationsexplore-all-connectable-apps.html
2025-12-31 17:41:29,851 [INFO] Downloading (9/45): https://acculynx.com/plan-options/
2025-12-31 17:41:32,561 [INFO] Saved: downloaded_html_acculynx\plan-optionsbrowse-comprehensive-plans.html
2025-12-31 17:41:35,624 [INFO] Downloading (10/45): https://acculynx.com/roofing-app/
2025-12-31 17:41:39,085 [INFO] Saved: downloaded_html_acculynx\field-appget-more-work-done-on-the-go.html
2025-12-31 17:41:41,984 [INFO] Downloading (11/45): https://acculynx.com/features/roofing-crm/
2025-12-31 17:41:45,047 [INFO] Saved: downloaded_html_acculynx\sales-crmstay-on-top-of-your-pipeline.html
2025-12-31 17:41:47,699 [INFO] Downloading (12/45): https://acculynx.com/features/roofing-production-management/
2025-12-31 17:41:51,238 [INFO] Saved: downloaded_html_acculynx\productionmanage-roofing-jobs-with-ease.html
2025-12-31 17:41:54,275 [INFO] Downloading (13/45): https://acculynx.com/features/roofing-finance/
2025-12-31 17:41:56,967 [INFO] Saved: downloaded_html_acculynx\financesimplify-company-financials.html
2025-12-31 17:42:00,419 [INFO] Downloading (14/45): https://acculynx.com/features/roofing-business-management/
2025-12-31 17:42:02,421 [INFO] Saved: downloaded_html_acculynx\business-managementdrive-efficiency-at-every-step.html
2025-12-31 17:42:05,007 [INFO] Downloading (15/45): https://acculynx.com/smarter-docs/
2025-12-31 17:42:07,673 [INFO] Saved: downloaded_html_acculynx\document-automationbuild-documents-in-seconds.html
2025-12-31 17:42:10,835 [INFO] Downloading (16/45): https://acculynx.com/text-messaging/
2025-12-31 17:42:13,882 [INFO] Saved: downloaded_html_acculynx\text-messagingautomate-send-sms-in-acculynx.html
2025-12-31 17:42:16,552 [INFO] Downloading (17/45): https://acculynx.com/features/customer-portal-software/
2025-12-31 17:42:19,128 [INFO] Saved: downloaded_html_acculynx\customer-portalprovide-self-service-access.html
2025-12-31 17:42:21,655 [INFO] Downloading (18/45): https://acculynx.com/accupay-payment-processing/
2025-12-31 17:42:24,666 [INFO] Saved: downloaded_html_acculynx\paymentsstreamline-payment-collection.html
2025-12-31 17:42:26,714 [INFO] Downloading (19/45): https://acculynx.com/mobile-crew-app/
2025-12-31 17:42:30,622 [INFO] Saved: downloaded_html_acculynx\crew-managementmanage-collaborate-with-crews.html
2025-12-31 17:42:33,745 [INFO] Downloading (20/45): https://acculynx.com/appconnections/
2025-12-31 17:42:35,944 [INFO] Saved: downloaded_html_acculynx\app-connectorunlock-integrated-apps-api.html
2025-12-31 17:42:38,646 [INFO] Downloading (21/45): https://acculynx.com/reportsplus/
2025-12-31 17:42:42,732 [INFO] Saved: downloaded_html_acculynx\custom-reportingsimplify-performance-tracking.html
2025-12-31 17:42:45,998 [INFO] Downloading (22/45): https://acculynx.com/reportsplus/datamart/
2025-12-31 17:42:49,192 [INFO] Saved: downloaded_html_acculynx\data-martaccess-more-complex-data-sets.html
2025-12-31 17:42:52,058 [INFO] Downloading (23/45): https://acculynx.com/private-equity-roofing-software-solutions/
2025-12-31 17:42:56,369 [INFO] Saved: downloaded_html_acculynx\portfolio-company-solutionsamplify-investment-performance.html
2025-12-31 17:42:59,280 [INFO] Downloading (24/45): https://acculynx.com/compare-acculynx-roofing-software/
2025-12-31 17:43:02,292 [INFO] Saved: downloaded_html_acculynx\compare-acculynx.html
2025-12-31 17:43:04,307 [INFO] Downloading (25/45): https://acculynx.com/resources/
2025-12-31 17:43:07,213 [INFO] Saved: downloaded_html_acculynx\resources-overviewexpand-your-industry-knowledge.html
2025-12-31 17:43:10,148 [INFO] Downloading (26/45): https://acculynx.com/blog/
2025-12-31 17:43:12,327 [INFO] Saved: downloaded_html_acculynx\bloguncover-tips-best-practices.html
2025-12-31 17:43:14,702 [INFO] Downloading (27/45): https://www.acculynx.com/resources/?_resource-type=webinars
2025-12-31 17:43:17,879 [INFO] Saved: downloaded_html_acculynx\webinarslearn-from-experts-and-peers.html
2025-12-31 17:43:20,328 [INFO] Downloading (28/45): https://acculynx.com/roi-calculator/
2025-12-31 17:43:22,211 [INFO] Saved: downloaded_html_acculynx\roi-calculatorestimate-your-gains-with-acculynx.html
2025-12-31 17:43:24,912 [INFO] Downloading (29/45): https://acculynx.com/faq/
2025-12-31 17:43:26,941 [INFO] Saved: downloaded_html_acculynx\faqget-answers-to-common-questions.html
2025-12-31 17:43:30,344 [INFO] Downloading (30/45): https://acculynx.com/support/
2025-12-31 17:43:32,143 [INFO] Saved: downloaded_html_acculynx\customer-supportreach-in-house-help-instantly.html
2025-12-31 17:43:35,650 [INFO] Downloading (31/45): https://support.acculynx.com/hc/en-us
2025-12-31 17:43:37,780 [INFO] Saved: downloaded_html_acculynx\knowledge-baseaccess-24-7-training-library.html
2025-12-31 17:43:40,311 [INFO] Downloading (32/45): https://www.acculynx.com/blog/?_category=product-updates
2025-12-31 17:43:42,724 [INFO] Saved: downloaded_html_acculynx\product-updateslearn-about-new-releases-first.html
2025-12-31 17:43:45,186 [INFO] Skipping existing file: downloaded_html_acculynx\sign-in.html
2025-12-31 17:43:45,187 [INFO] Downloading (34/45): https://acculynx.com/about-acculynx/
2025-12-31 17:43:47,188 [INFO] Saved: downloaded_html_acculynx\about-usdiscover-our-mission-story.html
2025-12-31 17:43:50,593 [INFO] Downloading (35/45): https://acculynx.com/blog/?_category=news
2025-12-31 17:43:52,322 [INFO] Saved: downloaded_html_acculynx\newsstay-updated-on-company-news.html
2025-12-31 17:43:55,257 [INFO] Downloading (36/45): https://acculynx.com/customers/
2025-12-31 17:43:58,984 [INFO] Saved: downloaded_html_acculynx\customershear-what-our-users-have-to-say.html
2025-12-31 17:44:01,152 [INFO] Downloading (37/45): https://acculynx.com/careers/
2025-12-31 17:44:03,120 [INFO] Saved: downloaded_html_acculynx\careersshape-the-future-of-roofing.html
2025-12-31 17:44:05,229 [INFO] Downloading (38/45): https://acculynx.com/contact-us/
2025-12-31 17:44:06,375 [INFO] Saved: downloaded_html_acculynx\contact-us.html
2025-12-31 17:44:09,149 [INFO] Skipping existing file: downloaded_html_acculynx\compare-acculynx.html
2025-12-31 17:44:09,151 [INFO] Downloading (40/45): https://go.acculynx.com/get-profitability-playbook
2025-12-31 17:44:16,695 [INFO] Saved: downloaded_html_acculynx\get-custom-playbook.html
2025-12-31 17:44:19,974 [INFO] Downloading (41/45): https://acculynx.com/customers/ridgeline-roofing/
2025-12-31 17:44:22,747 [INFO] Saved: downloaded_html_acculynx\read-now.html
2025-12-31 17:44:25,220 [INFO] Downloading (42/45): https://my.acculynx.com/signin/TermsView
2025-12-31 17:44:25,849 [INFO] Saved: downloaded_html_acculynx\terms-of-use.html
2025-12-31 17:44:28,319 [INFO] Downloading (43/45): https://my.acculynx.com/privacy-policy
2025-12-31 17:44:28,757 [INFO] Saved: downloaded_html_acculynx\privacy-policy.html
2025-12-31 17:44:31,640 [INFO] Downloading (44/45): https://acculynx.com/copyright-policy/
2025-12-31 17:44:34,291 [INFO] Saved: downloaded_html_acculynx\copyright-policy.html
2025-12-31 17:44:37,155 [INFO] Downloading (45/45): https://www.acculynx.com/privacy-policy/
2025-12-31 17:44:39,172 [INFO] Saved: downloaded_html_acculynx\privacy.html
