2025-12-27 19:32:05,661 [INFO] patching driver executable C:\Users\91630\appdata\roaming\undetected_chromedriver\undetected_chromedriver.exe
2025-12-27 19:32:09,481 [INFO] Downloading (1/103): https://fanteziigreieriprostii.ro/2025/12/25/oscilatii/
2025-12-27 19:32:20,321 [INFO] Saved: downloaded_html_fantezii_articles\2025-12-25-oscilatii.html
2025-12-27 19:32:23,231 [INFO] Downloading (2/103): https://fanteziigreieriprostii.ro/2025/11/30/cantec-flamand/
2025-12-27 19:32:39,489 [INFO] Saved: downloaded_html_fantezii_articles\2025-11-30-cantec-flamand.html
2025-12-27 19:32:41,594 [INFO] Downloading (3/103): https://fanteziigreieriprostii.ro/2025/11/25/am-greieri-in-cap-si-ciulini-prin-vene-imi-curg-maracini/
2025-12-27 19:32:43,123 [INFO] Saved: downloaded_html_fantezii_articles\2025-11-25-am-greieri-in-cap-si-ciulini-prin-vene-imi-curg-maracini.html
2025-12-27 19:32:46,180 [INFO] Downloading (4/103): https://fanteziigreieriprostii.ro/2025/11/25/ego-si-furnica-care-alunga-frica/
2025-12-27 19:32:53,922 [INFO] Saved: downloaded_html_fantezii_articles\2025-11-25-ego-si-furnica-care-alunga-frica.html
2025-12-27 19:32:56,121 [INFO] Downloading (5/103): https://fanteziigreieriprostii.ro/2025/10/29/maci-ciulini-si-papadie-franturi-de-copilarie/
2025-12-27 19:32:57,793 [INFO] Saved: downloaded_html_fantezii_articles\2025-10-29-maci-ciulini-si-papadie-franturi-de-copilarie.html
2025-12-27 19:33:01,106 [INFO] Downloading (6/103): https://fanteziigreieriprostii.ro/2025/10/17/cand-funzele-sunt-grase/
2025-12-27 19:33:03,208 [INFO] Saved: downloaded_html_fantezii_articles\2025-10-17-cand-funzele-sunt-grase.html
2025-12-27 19:33:05,270 [INFO] Downloading (7/103): https://fanteziigreieriprostii.ro/2025/10/08/termeni-difuzi-pe-care-ii-refuzi/
2025-12-27 19:33:07,040 [INFO] Saved: downloaded_html_fantezii_articles\2025-10-08-termeni-difuzi-pe-care-ii-refuzi.html
2025-12-27 19:33:09,350 [INFO] Downloading (8/103): https://fanteziigreieriprostii.ro/2025/10/07/pamanul-descifreaza-vantul/
2025-12-27 19:33:11,673 [INFO] Saved: downloaded_html_fantezii_articles\2025-10-07-pamanul-descifreaza-vantul.html
2025-12-27 19:33:14,212 [INFO] Downloading (9/103): https://fanteziigreieriprostii.ro/2025/10/06/rima-timpului/
2025-12-27 19:33:16,813 [INFO] Saved: downloaded_html_fantezii_articles\2025-10-06-rima-timpului.html
2025-12-27 19:33:20,046 [INFO] Downloading (10/103): https://fanteziigreieriprostii.ro/2025/10/01/camera-dintre-lumi-dintre-plamani-si-lumina/
2025-12-27 19:33:22,777 [INFO] Saved: downloaded_html_fantezii_articles\2025-10-01-camera-dintre-lumi-dintre-plamani-si-lumina.html
2025-12-27 19:33:25,875 [INFO] Downloading (11/103): https://fanteziigreieriprostii.ro/2025/09/22/celule-si-chirie-greieri-si-fantezie/
2025-12-27 19:33:28,192 [INFO] Saved: downloaded_html_fantezii_articles\2025-09-22-celule-si-chirie-greieri-si-fantezie.html
2025-12-27 19:33:30,834 [INFO] Downloading (12/103): https://fanteziigreieriprostii.ro/2025/09/08/minerala-inspirata-si-goala/
2025-12-27 19:33:33,488 [INFO] Saved: downloaded_html_fantezii_articles\2025-09-08-minerala-inspirata-si-goala.html
2025-12-27 19:33:35,912 [INFO] Downloading (13/103): https://fanteziigreieriprostii.ro/2025/09/08/versuri-din-pamant-si-piele/
2025-12-27 19:33:38,715 [INFO] Saved: downloaded_html_fantezii_articles\2025-09-08-versuri-din-pamant-si-piele.html
2025-12-27 19:33:41,765 [INFO] Downloading (14/103): https://fanteziigreieriprostii.ro/2025/08/04/zei-in-nisip-oameni-in-papuci/
2025-12-27 19:33:44,614 [INFO] Saved: downloaded_html_fantezii_articles\2025-08-04-zei-in-nisip-oameni-in-papuci.html
2025-12-27 19:33:48,065 [INFO] Downloading (15/103): https://fanteziigreieriprostii.ro/2025/07/31/complementary/
2025-12-27 19:33:50,867 [INFO] Saved: downloaded_html_fantezii_articles\2025-07-31-complementary.html
2025-12-27 19:33:53,169 [INFO] Downloading (16/103): https://fanteziigreieriprostii.ro/2025/07/24/cand-privirea-devine-poarta/
2025-12-27 19:33:54,928 [INFO] Saved: downloaded_html_fantezii_articles\2025-07-24-cand-privirea-devine-poarta.html
2025-12-27 19:33:57,893 [INFO] Downloading (17/103): https://fanteziigreieriprostii.ro/2025/07/12/neimplicare-forma-de-ardere/
2025-12-27 19:34:01,214 [INFO] Saved: downloaded_html_fantezii_articles\2025-07-12-neimplicare-forma-de-ardere.html
2025-12-27 19:34:04,171 [INFO] Downloading (18/103): https://fanteziigreieriprostii.ro/2025/07/02/ruina-cu-zambet-moral/
2025-12-27 19:34:06,398 [INFO] Saved: downloaded_html_fantezii_articles\2025-07-02-ruina-cu-zambet-moral.html
2025-12-27 19:34:09,199 [INFO] Downloading (19/103): https://fanteziigreieriprostii.ro/2025/06/14/ce-ai-visat-si-ce-ai-pierdut/
2025-12-27 19:34:14,166 [INFO] Saved: downloaded_html_fantezii_articles\2025-06-14-ce-ai-visat-si-ce-ai-pierdut.html
2025-12-27 19:34:16,849 [INFO] Downloading (20/103): https://fanteziigreieriprostii.ro/2025/05/29/frig-cu-aroma-de-cald/
2025-12-27 19:34:41,902 [INFO] Saved: downloaded_html_fantezii_articles\2025-05-29-frig-cu-aroma-de-cald.html
2025-12-27 19:34:44,293 [INFO] Downloading (21/103): https://fanteziigreieriprostii.ro/2025/05/29/ctrldesire/
2025-12-27 19:34:46,539 [INFO] Saved: downloaded_html_fantezii_articles\2025-05-29-ctrldesire.html
2025-12-27 19:34:49,489 [INFO] Downloading (22/103): https://fanteziigreieriprostii.ro/2025/04/18/greieri-liturghii-si-alte-fantezii/
2025-12-27 19:34:53,811 [INFO] Saved: downloaded_html_fantezii_articles\2025-04-18-greieri-liturghii-si-alte-fantezii.html
2025-12-27 19:34:57,286 [INFO] Downloading (23/103): https://fanteziigreieriprostii.ro/2025/04/18/compasul-dorintelor/
2025-12-27 19:35:04,401 [INFO] Saved: downloaded_html_fantezii_articles\2025-04-18-compasul-dorintelor.html
2025-12-27 19:35:07,091 [INFO] Downloading (24/103): https://fanteziigreieriprostii.ro/2025/04/18/omagiu/
2025-12-27 19:35:12,835 [INFO] Saved: downloaded_html_fantezii_articles\2025-04-18-omagiu.html
2025-12-27 19:35:16,178 [INFO] Downloading (25/103): https://fanteziigreieriprostii.ro/2025/04/04/cimitirul-de-sub-carnea-mea/
2025-12-27 19:35:22,397 [INFO] Saved: downloaded_html_fantezii_articles\2025-04-04-cimitirul-de-sub-carnea-mea.html
2025-12-27 19:35:25,083 [INFO] Downloading (26/103): https://fanteziigreieriprostii.ro/2025/04/04/credinta-in-suflet-de-ateu/
2025-12-27 19:35:31,194 [INFO] Saved: downloaded_html_fantezii_articles\2025-04-04-credinta-in-suflet-de-ateu.html
2025-12-27 19:35:33,485 [INFO] Downloading (27/103): https://fanteziigreieriprostii.ro/2025/04/04/umbra-placerii-definita-de-nulitate-tacerii/
2025-12-27 19:35:36,118 [INFO] Saved: downloaded_html_fantezii_articles\2025-04-04-umbra-placerii-definita-de-nulitate-tacerii.html
2025-12-27 19:35:38,331 [INFO] Downloading (28/103): https://fanteziigreieriprostii.ro/2025/04/04/fantezii-neconsumate/
2025-12-27 19:35:41,669 [INFO] Saved: downloaded_html_fantezii_articles\2025-04-04-fantezii-neconsumate.html
2025-12-27 19:35:45,165 [INFO] Downloading (29/103): https://fanteziigreieriprostii.ro/2025/04/03/in-cicluri-de-flori-si-dorinte/
2025-12-27 19:35:52,953 [INFO] Saved: downloaded_html_fantezii_articles\2025-04-03-in-cicluri-de-flori-si-dorinte.html
2025-12-27 19:35:56,238 [INFO] Downloading (30/103): https://fanteziigreieriprostii.ro/2025/03/09/traseaza-mi-amintiri/
2025-12-27 19:35:58,894 [INFO] Saved: downloaded_html_fantezii_articles\2025-03-09-traseaza-mi-amintiri.html
2025-12-27 19:36:01,184 [INFO] Downloading (31/103): https://fanteziigreieriprostii.ro/2025/03/09/alearga-descult/
2025-12-27 19:36:28,254 [INFO] Saved: downloaded_html_fantezii_articles\2025-03-09-alearga-descult.html
2025-12-27 19:36:31,058 [INFO] Downloading (32/103): https://fanteziigreieriprostii.ro/2025/03/06/250/
2025-12-27 19:36:53,669 [INFO] Saved: downloaded_html_fantezii_articles\2025-03-06-250.html
2025-12-27 19:36:57,084 [INFO] Downloading (33/103): https://fanteziigreieriprostii.ro/2025/03/05/pleione/
2025-12-27 19:37:05,043 [INFO] Saved: downloaded_html_fantezii_articles\2025-03-05-pleione.html
2025-12-27 19:37:07,178 [INFO] Downloading (34/103): https://fanteziigreieriprostii.ro/2025/03/05/mi-se-impleteste-dorinta/
2025-12-27 19:37:11,607 [INFO] Saved: downloaded_html_fantezii_articles\2025-03-05-mi-se-impleteste-dorinta.html
2025-12-27 19:37:14,185 [INFO] Downloading (35/103): https://fanteziigreieriprostii.ro/2025/03/05/cadru/
2025-12-27 19:37:17,749 [INFO] Saved: downloaded_html_fantezii_articles\2025-03-05-cadru.html
2025-12-27 19:37:19,812 [INFO] Downloading (36/103): https://fanteziigreieriprostii.ro/2025/02/09/338/
2025-12-27 19:37:21,422 [INFO] Saved: downloaded_html_fantezii_articles\2025-02-09-338.html
2025-12-27 19:37:23,904 [INFO] Downloading (37/103): https://fanteziigreieriprostii.ro/2024/12/10/cand-eul-devine/
2025-12-27 19:37:27,138 [INFO] Saved: downloaded_html_fantezii_articles\2024-12-10-cand-eul-devine.html
2025-12-27 19:37:30,125 [INFO] Downloading (38/103): https://fanteziigreieriprostii.ro/2024/12/03/confirmed/
2025-12-27 19:37:33,780 [INFO] Saved: downloaded_html_fantezii_articles\2024-12-03-confirmed.html
2025-12-27 19:37:36,578 [INFO] Downloading (39/103): https://fanteziigreieriprostii.ro/2024/12/03/legat-de-atatea/
2025-12-27 19:37:41,080 [INFO] Saved: downloaded_html_fantezii_articles\2024-12-03-legat-de-atatea.html
2025-12-27 19:37:44,164 [INFO] Downloading (40/103): https://fanteziigreieriprostii.ro/2024/11/26/in-laborator-%f0%9f%a5%bc/
2025-12-27 19:37:48,037 [INFO] Saved: downloaded_html_fantezii_articles\2024-11-26-in-laborator-f0-9f-a5-bc.html
2025-12-27 19:37:51,093 [INFO] Downloading (41/103): https://fanteziigreieriprostii.ro/2024/11/26/iubire/
2025-12-27 19:37:54,086 [INFO] Saved: downloaded_html_fantezii_articles\2024-11-26-iubire.html
2025-12-27 19:37:57,351 [INFO] Downloading (42/103): https://fanteziigreieriprostii.ro/2024/11/19/the-beast/
2025-12-27 19:38:01,152 [INFO] Saved: downloaded_html_fantezii_articles\2024-11-19-the-beast.html
2025-12-27 19:38:03,622 [INFO] Downloading (43/103): https://fanteziigreieriprostii.ro/2024/11/19/terestru-banal/
2025-12-27 19:38:07,851 [INFO] Saved: downloaded_html_fantezii_articles\2024-11-19-terestru-banal.html
2025-12-27 19:38:11,115 [INFO] Downloading (44/103): https://fanteziigreieriprostii.ro/2024/11/19/vioara/
2025-12-27 19:38:41,123 [ERROR] Timeout while downloading: https://fanteziigreieriprostii.ro/2024/11/19/vioara/
2025-12-27 19:38:44,000 [INFO] Downloading (45/103): https://fanteziigreieriprostii.ro/2024/11/10/unnecessary-drama-%f0%9f%8e%ad/
2025-12-27 19:39:14,016 [ERROR] Timeout while downloading: https://fanteziigreieriprostii.ro/2024/11/10/unnecessary-drama-%f0%9f%8e%ad/
2025-12-27 19:39:16,642 [INFO] Downloading (46/103): https://fanteziigreieriprostii.ro/2024/11/01/noi-stim/
2025-12-27 19:39:46,658 [ERROR] Timeout while downloading: https://fanteziigreieriprostii.ro/2024/11/01/noi-stim/
2025-12-27 19:39:49,428 [INFO] Downloading (47/103): https://fanteziigreieriprostii.ro/2024/11/01/vitraliu/
2025-12-27 21:28:24,179 [INFO] patching driver executable C:\Users\91630\appdata\roaming\undetected_chromedriver\undetected_chromedriver.exe
2025-12-27 21:28:29,144 [INFO] Downloading (1/103): https://fanteziigreieriprostii.ro/2025/12/25/oscilatii/
2025-12-27 21:28:35,496 [INFO] Saved: downloaded_html_fantezii_articles\2025-12-25-oscilatii.html
2025-12-27 21:28:38,854 [INFO] Downloading (2/103): https://fanteziigreieriprostii.ro/2025/11/30/cantec-flamand/
2025-12-27 21:28:40,545 [INFO] Saved: downloaded_html_fantezii_articles\2025-11-30-cantec-flamand.html
2025-12-27 21:28:43,898 [INFO] Downloading (3/103): https://fanteziigreieriprostii.ro/2025/11/25/am-greieri-in-cap-si-ciulini-prin-vene-imi-curg-maracini/
2025-12-27 21:28:46,536 [INFO] Saved: downloaded_html_fantezii_articles\2025-11-25-am-greieri-in-cap-si-ciulini-prin-vene-imi-curg-maracini.html
2025-12-27 21:28:49,724 [INFO] Downloading (4/103): https://fanteziigreieriprostii.ro/2025/11/25/ego-si-furnica-care-alunga-frica/
2025-12-27 21:28:53,103 [INFO] Saved: downloaded_html_fantezii_articles\2025-11-25-ego-si-furnica-care-alunga-frica.html
2025-12-27 21:28:55,456 [INFO] Downloading (5/103): https://fanteziigreieriprostii.ro/2025/10/29/maci-ciulini-si-papadie-franturi-de-copilarie/
2025-12-27 21:28:58,263 [INFO] Saved: downloaded_html_fantezii_articles\2025-10-29-maci-ciulini-si-papadie-franturi-de-copilarie.html
2025-12-27 21:29:00,798 [INFO] Downloading (6/103): https://fanteziigreieriprostii.ro/2025/10/17/cand-funzele-sunt-grase/
2025-12-27 21:29:02,595 [INFO] Saved: downloaded_html_fantezii_articles\2025-10-17-cand-funzele-sunt-grase.html
2025-12-27 21:29:05,774 [INFO] Downloading (7/103): https://fanteziigreieriprostii.ro/2025/10/08/termeni-difuzi-pe-care-ii-refuzi/
2025-12-27 21:29:07,474 [INFO] Saved: downloaded_html_fantezii_articles\2025-10-08-termeni-difuzi-pe-care-ii-refuzi.html
2025-12-27 21:29:10,448 [INFO] Downloading (8/103): https://fanteziigreieriprostii.ro/2025/10/07/pamanul-descifreaza-vantul/
2025-12-27 21:29:14,109 [INFO] Saved: downloaded_html_fantezii_articles\2025-10-07-pamanul-descifreaza-vantul.html
2025-12-27 21:29:16,371 [INFO] Downloading (9/103): https://fanteziigreieriprostii.ro/2025/10/06/rima-timpului/
2025-12-27 21:29:18,600 [INFO] Saved: downloaded_html_fantezii_articles\2025-10-06-rima-timpului.html
2025-12-27 21:29:21,658 [INFO] Downloading (10/103): https://fanteziigreieriprostii.ro/2025/10/01/camera-dintre-lumi-dintre-plamani-si-lumina/
2025-12-27 21:29:25,314 [INFO] Saved: downloaded_html_fantezii_articles\2025-10-01-camera-dintre-lumi-dintre-plamani-si-lumina.html
2025-12-27 21:29:28,019 [INFO] Downloading (11/103): https://fanteziigreieriprostii.ro/2025/09/22/celule-si-chirie-greieri-si-fantezie/
2025-12-27 21:29:33,064 [INFO] Saved: downloaded_html_fantezii_articles\2025-09-22-celule-si-chirie-greieri-si-fantezie.html
2025-12-27 21:29:36,457 [INFO] Downloading (12/103): https://fanteziigreieriprostii.ro/2025/09/08/minerala-inspirata-si-goala/
2025-12-27 21:29:58,826 [INFO] Saved: downloaded_html_fantezii_articles\2025-09-08-minerala-inspirata-si-goala.html
2025-12-27 21:30:02,109 [INFO] Downloading (13/103): https://fanteziigreieriprostii.ro/2025/09/08/versuri-din-pamant-si-piele/
2025-12-27 21:30:06,314 [INFO] Saved: downloaded_html_fantezii_articles\2025-09-08-versuri-din-pamant-si-piele.html
2025-12-27 21:30:09,641 [INFO] Downloading (14/103): https://fanteziigreieriprostii.ro/2025/08/04/zei-in-nisip-oameni-in-papuci/
2025-12-27 21:30:17,123 [INFO] Saved: downloaded_html_fantezii_articles\2025-08-04-zei-in-nisip-oameni-in-papuci.html
2025-12-27 21:30:20,624 [INFO] Downloading (15/103): https://fanteziigreieriprostii.ro/2025/07/31/complementary/
2025-12-27 21:30:50,639 [ERROR] Timeout while downloading: https://fanteziigreieriprostii.ro/2025/07/31/complementary/
2025-12-27 21:30:52,982 [INFO] Downloading (16/103): https://fanteziigreieriprostii.ro/2025/07/24/cand-privirea-devine-poarta/
2025-12-27 21:31:15,399 [INFO] Saved: downloaded_html_fantezii_articles\2025-07-24-cand-privirea-devine-poarta.html
2025-12-27 21:31:18,693 [INFO] Downloading (17/103): https://fanteziigreieriprostii.ro/2025/07/12/neimplicare-forma-de-ardere/
2025-12-27 21:31:44,662 [INFO] Saved: downloaded_html_fantezii_articles\2025-07-12-neimplicare-forma-de-ardere.html
2025-12-27 21:31:46,713 [INFO] Downloading (18/103): https://fanteziigreieriprostii.ro/2025/07/02/ruina-cu-zambet-moral/
2025-12-27 21:31:56,882 [INFO] Saved: downloaded_html_fantezii_articles\2025-07-02-ruina-cu-zambet-moral.html
2025-12-27 21:32:00,177 [INFO] Downloading (19/103): https://fanteziigreieriprostii.ro/2025/06/14/ce-ai-visat-si-ce-ai-pierdut/
2025-12-27 21:32:13,325 [INFO] Saved: downloaded_html_fantezii_articles\2025-06-14-ce-ai-visat-si-ce-ai-pierdut.html
2025-12-27 21:32:16,794 [INFO] Downloading (20/103): https://fanteziigreieriprostii.ro/2025/05/29/frig-cu-aroma-de-cald/
2025-12-27 21:32:32,786 [INFO] Saved: downloaded_html_fantezii_articles\2025-05-29-frig-cu-aroma-de-cald.html
2025-12-27 21:32:35,065 [INFO] Downloading (21/103): https://fanteziigreieriprostii.ro/2025/05/29/ctrldesire/
2025-12-27 21:32:54,031 [INFO] Saved: downloaded_html_fantezii_articles\2025-05-29-ctrldesire.html
2025-12-27 21:32:57,489 [INFO] Downloading (22/103): https://fanteziigreieriprostii.ro/2025/04/18/greieri-liturghii-si-alte-fantezii/
2025-12-27 21:33:08,686 [INFO] Saved: downloaded_html_fantezii_articles\2025-04-18-greieri-liturghii-si-alte-fantezii.html
2025-12-27 21:33:12,065 [INFO] Downloading (23/103): https://fanteziigreieriprostii.ro/2025/04/18/compasul-dorintelor/
2025-12-27 21:33:18,567 [INFO] Saved: downloaded_html_fantezii_articles\2025-04-18-compasul-dorintelor.html
2025-12-27 21:33:20,628 [INFO] Downloading (24/103): https://fanteziigreieriprostii.ro/2025/04/18/omagiu/
2025-12-27 21:33:25,538 [INFO] Saved: downloaded_html_fantezii_articles\2025-04-18-omagiu.html
2025-12-27 21:33:28,618 [INFO] Downloading (25/103): https://fanteziigreieriprostii.ro/2025/04/04/cimitirul-de-sub-carnea-mea/
2025-12-27 21:33:33,402 [INFO] Saved: downloaded_html_fantezii_articles\2025-04-04-cimitirul-de-sub-carnea-mea.html
2025-12-27 21:33:35,643 [INFO] Downloading (26/103): https://fanteziigreieriprostii.ro/2025/04/04/credinta-in-suflet-de-ateu/
2025-12-27 21:33:50,703 [INFO] Saved: downloaded_html_fantezii_articles\2025-04-04-credinta-in-suflet-de-ateu.html
2025-12-27 21:33:52,828 [INFO] Downloading (27/103): https://fanteziigreieriprostii.ro/2025/04/04/umbra-placerii-definita-de-nulitate-tacerii/
2025-12-27 21:33:55,754 [INFO] Saved: downloaded_html_fantezii_articles\2025-04-04-umbra-placerii-definita-de-nulitate-tacerii.html
2025-12-27 21:33:58,647 [INFO] Downloading (28/103): https://fanteziigreieriprostii.ro/2025/04/04/fantezii-neconsumate/
2025-12-27 21:34:15,409 [INFO] Saved: downloaded_html_fantezii_articles\2025-04-04-fantezii-neconsumate.html
2025-12-27 21:34:17,695 [INFO] Downloading (29/103): https://fanteziigreieriprostii.ro/2025/04/03/in-cicluri-de-flori-si-dorinte/
2025-12-27 21:34:24,004 [INFO] Saved: downloaded_html_fantezii_articles\2025-04-03-in-cicluri-de-flori-si-dorinte.html
2025-12-27 21:34:26,697 [INFO] Downloading (30/103): https://fanteziigreieriprostii.ro/2025/03/09/traseaza-mi-amintiri/
2025-12-27 21:34:29,113 [INFO] Saved: downloaded_html_fantezii_articles\2025-03-09-traseaza-mi-amintiri.html
2025-12-27 21:34:31,260 [INFO] Downloading (31/103): https://fanteziigreieriprostii.ro/2025/03/09/alearga-descult/
2025-12-27 21:34:36,565 [INFO] Saved: downloaded_html_fantezii_articles\2025-03-09-alearga-descult.html
2025-12-27 21:34:39,253 [INFO] Downloading (32/103): https://fanteziigreieriprostii.ro/2025/03/06/250/
2025-12-27 21:34:42,902 [INFO] Saved: downloaded_html_fantezii_articles\2025-03-06-250.html
2025-12-27 21:34:45,563 [INFO] Downloading (33/103): https://fanteziigreieriprostii.ro/2025/03/05/pleione/
2025-12-27 21:34:57,616 [INFO] Saved: downloaded_html_fantezii_articles\2025-03-05-pleione.html
2025-12-27 21:35:00,356 [INFO] Downloading (34/103): https://fanteziigreieriprostii.ro/2025/03/05/mi-se-impleteste-dorinta/
2025-12-27 21:35:03,987 [INFO] Saved: downloaded_html_fantezii_articles\2025-03-05-mi-se-impleteste-dorinta.html
2025-12-27 21:35:06,466 [INFO] Downloading (35/103): https://fanteziigreieriprostii.ro/2025/03/05/cadru/
2025-12-27 21:35:14,374 [INFO] Saved: downloaded_html_fantezii_articles\2025-03-05-cadru.html
2025-12-27 21:35:17,853 [INFO] Downloading (36/103): https://fanteziigreieriprostii.ro/2025/02/09/338/
2025-12-27 21:35:19,930 [INFO] Saved: downloaded_html_fantezii_articles\2025-02-09-338.html
2025-12-27 21:35:23,151 [INFO] Downloading (37/103): https://fanteziigreieriprostii.ro/2024/12/10/cand-eul-devine/
2025-12-27 21:35:26,370 [INFO] Saved: downloaded_html_fantezii_articles\2024-12-10-cand-eul-devine.html
2025-12-27 21:35:29,660 [INFO] Downloading (38/103): https://fanteziigreieriprostii.ro/2024/12/03/confirmed/
2025-12-27 21:35:32,974 [INFO] Saved: downloaded_html_fantezii_articles\2024-12-03-confirmed.html
2025-12-27 21:35:35,013 [INFO] Downloading (39/103): https://fanteziigreieriprostii.ro/2024/12/03/legat-de-atatea/
2025-12-27 21:35:37,915 [INFO] Saved: downloaded_html_fantezii_articles\2024-12-03-legat-de-atatea.html
2025-12-27 21:35:40,635 [INFO] Downloading (40/103): https://fanteziigreieriprostii.ro/2024/11/26/in-laborator-%f0%9f%a5%bc/
2025-12-27 21:35:44,677 [INFO] Saved: downloaded_html_fantezii_articles\2024-11-26-in-laborator-f0-9f-a5-bc.html
2025-12-27 21:35:47,695 [INFO] Downloading (41/103): https://fanteziigreieriprostii.ro/2024/11/26/iubire/
2025-12-27 21:35:51,043 [INFO] Saved: downloaded_html_fantezii_articles\2024-11-26-iubire.html
2025-12-27 21:35:53,182 [INFO] Downloading (42/103): https://fanteziigreieriprostii.ro/2024/11/19/the-beast/
2025-12-27 21:35:56,412 [INFO] Saved: downloaded_html_fantezii_articles\2024-11-19-the-beast.html
2025-12-27 21:35:59,490 [INFO] Downloading (43/103): https://fanteziigreieriprostii.ro/2024/11/19/terestru-banal/
2025-12-27 21:36:14,633 [INFO] Saved: downloaded_html_fantezii_articles\2024-11-19-terestru-banal.html
2025-12-27 21:36:16,842 [INFO] Downloading (44/103): https://fanteziigreieriprostii.ro/2024/11/19/vioara/
2025-12-27 21:36:23,525 [INFO] Saved: downloaded_html_fantezii_articles\2024-11-19-vioara.html
2025-12-27 21:36:26,213 [INFO] Downloading (45/103): https://fanteziigreieriprostii.ro/2024/11/10/unnecessary-drama-%f0%9f%8e%ad/
2025-12-27 21:36:30,532 [INFO] Saved: downloaded_html_fantezii_articles\2024-11-10-unnecessary-drama-f0-9f-8e-ad.html
2025-12-27 21:36:32,763 [INFO] Downloading (46/103): https://fanteziigreieriprostii.ro/2024/11/01/noi-stim/
2025-12-27 21:36:36,279 [INFO] Saved: downloaded_html_fantezii_articles\2024-11-01-noi-stim.html
2025-12-27 21:36:39,377 [INFO] Downloading (47/103): https://fanteziigreieriprostii.ro/2024/11/01/vitraliu/
2025-12-27 21:36:43,165 [INFO] Saved: downloaded_html_fantezii_articles\2024-11-01-vitraliu.html
2025-12-27 21:36:46,176 [INFO] Downloading (48/103): https://fanteziigreieriprostii.ro/2024/11/01/convert-to-ai/
2025-12-27 21:36:52,406 [INFO] Saved: downloaded_html_fantezii_articles\2024-11-01-convert-to-ai.html
2025-12-27 21:36:55,356 [INFO] Downloading (49/103): https://fanteziigreieriprostii.ro/2024/11/01/robot-defect-in-alt-dialect/
2025-12-27 21:36:59,212 [INFO] Saved: downloaded_html_fantezii_articles\2024-11-01-robot-defect-in-alt-dialect.html
2025-12-27 21:37:01,234 [INFO] Downloading (50/103): https://fanteziigreieriprostii.ro/2024/10/31/silly-man/
2025-12-27 21:37:03,206 [INFO] Saved: downloaded_html_fantezii_articles\2024-10-31-silly-man.html
2025-12-27 21:37:06,384 [INFO] Downloading (51/103): https://fanteziigreieriprostii.ro/2024/10/31/one-way/
2025-12-27 21:37:08,959 [INFO] Saved: downloaded_html_fantezii_articles\2024-10-31-one-way.html
2025-12-27 21:37:12,113 [INFO] Downloading (52/103): https://fanteziigreieriprostii.ro/2024/10/31/lost-in-festival/
2025-12-27 21:37:14,322 [INFO] Saved: downloaded_html_fantezii_articles\2024-10-31-lost-in-festival.html
2025-12-27 21:37:17,299 [INFO] Downloading (53/103): https://fanteziigreieriprostii.ro/2024/10/31/no-mission/
2025-12-27 21:37:19,309 [INFO] Saved: downloaded_html_fantezii_articles\2024-10-31-no-mission.html
2025-12-27 21:37:21,942 [INFO] Downloading (54/103): https://fanteziigreieriprostii.ro/2024/03/21/despre-umanitate-despre-complexitatea-si-misticul-psihicului-uman-despre-dragoste-eterna-fata-de-creatie-de-sursa-de-provenienta/
2025-12-27 21:37:24,109 [INFO] Saved: downloaded_html_fantezii_articles\2024-03-21-despre-umanitate-despre-complexitatea-si-misticul-psihicului-uman-despre-dragoste-eterna-fata-de-creatie-de-sursa-de-provenienta.html
2025-12-27 21:37:26,600 [INFO] Downloading (55/103): https://fanteziigreieriprostii.ro/2024/03/21/sunetul-padurii/
2025-12-27 21:37:28,280 [INFO] Saved: downloaded_html_fantezii_articles\2024-03-21-sunetul-padurii.html
2025-12-27 21:37:30,672 [INFO] Downloading (56/103): https://fanteziigreieriprostii.ro/2024/03/21/curierul/
2025-12-27 21:37:32,406 [INFO] Saved: downloaded_html_fantezii_articles\2024-03-21-curierul.html
2025-12-27 21:37:35,875 [INFO] Downloading (57/103): https://fanteziigreieriprostii.ro/2024/03/14/roz-deplin/
2025-12-27 21:37:37,928 [INFO] Saved: downloaded_html_fantezii_articles\2024-03-14-roz-deplin.html
2025-12-27 21:37:40,408 [INFO] Downloading (58/103): https://fanteziigreieriprostii.ro/2024/03/08/odihna/
2025-12-27 21:37:51,554 [INFO] Saved: downloaded_html_fantezii_articles\2024-03-08-odihna.html
2025-12-27 21:37:54,181 [INFO] Downloading (59/103): https://fanteziigreieriprostii.ro/2024/03/08/atemporal-cloned/
2025-12-27 21:37:58,305 [INFO] Saved: downloaded_html_fantezii_articles\2024-03-08-atemporal-cloned.html
2025-12-27 21:38:01,507 [INFO] Downloading (60/103): https://fanteziigreieriprostii.ro/2024/03/08/atemporal/
2025-12-27 21:38:06,449 [INFO] Saved: downloaded_html_fantezii_articles\2024-03-08-atemporal.html
2025-12-27 21:38:08,928 [INFO] Downloading (61/103): https://fanteziigreieriprostii.ro/2024/02/29/litere/
2025-12-27 21:38:15,420 [INFO] Saved: downloaded_html_fantezii_articles\2024-02-29-litere.html
2025-12-27 21:38:18,451 [INFO] Downloading (62/103): https://fanteziigreieriprostii.ro/2024/02/29/ceremonie/
2025-12-27 21:38:24,018 [INFO] Saved: downloaded_html_fantezii_articles\2024-02-29-ceremonie.html
2025-12-27 21:38:26,705 [INFO] Downloading (63/103): https://fanteziigreieriprostii.ro/2024/02/29/in-bucurestiul-pustiu/
2025-12-27 21:38:31,000 [INFO] Saved: downloaded_html_fantezii_articles\2024-02-29-in-bucurestiul-pustiu.html
2025-12-27 21:38:34,285 [INFO] Downloading (64/103): https://fanteziigreieriprostii.ro/2024/02/29/poezie-test-cloned-cloned/
2025-12-27 21:38:42,722 [INFO] Saved: downloaded_html_fantezii_articles\2024-02-29-poezie-test-cloned-cloned.html
2025-12-27 21:38:46,178 [INFO] Downloading (65/103): https://fanteziigreieriprostii.ro/2024/02/29/poezie-test-cloned/
2025-12-27 21:38:48,437 [INFO] Saved: downloaded_html_fantezii_articles\2024-02-29-poezie-test-cloned.html
2025-12-27 21:38:51,316 [INFO] Downloading (66/103): https://fanteziigreieriprostii.ro/2025/12/23/fragment-dintr-o-reconstructie-imperfecta-explorare-interioara-si-derapaje-controlate/
2025-12-27 21:39:12,168 [INFO] Saved: downloaded_html_fantezii_articles\2025-12-23-fragment-dintr-o-reconstructie-imperfecta-explorare-interioara-si-derapaje-controlate.html
2025-12-27 21:39:14,700 [INFO] Downloading (67/103): https://fanteziigreieriprostii.ro/2025/12/23/am-cerut-un-parfum-si-am-primit-un-nu-la-pret-de-batista/
2025-12-27 21:39:27,633 [INFO] Saved: downloaded_html_fantezii_articles\2025-12-23-am-cerut-un-parfum-si-am-primit-un-nu-la-pret-de-batista.html
2025-12-27 21:39:30,112 [INFO] Downloading (68/103): https://fanteziigreieriprostii.ro/2025/12/12/1224/
2025-12-27 21:39:33,764 [INFO] Saved: downloaded_html_fantezii_articles\2025-12-12-1224.html
2025-12-27 21:39:36,859 [INFO] Downloading (69/103): https://fanteziigreieriprostii.ro/2025/12/09/preludiu-intre-pagini-si-priviri/
2025-12-27 21:39:44,002 [INFO] Saved: downloaded_html_fantezii_articles\2025-12-09-preludiu-intre-pagini-si-priviri.html
2025-12-27 21:39:46,042 [INFO] Downloading (70/103): https://fanteziigreieriprostii.ro/2025/12/09/egalitatea-in-teorie-disconfortul-in-practica-cand-femeia-nu-mai-aplauda-din-reflex/
2025-12-27 21:39:52,012 [INFO] Saved: downloaded_html_fantezii_articles\2025-12-09-egalitatea-in-teorie-disconfortul-in-practica-cand-femeia-nu-mai-aplauda-din-reflex.html
2025-12-27 21:39:55,160 [INFO] Downloading (71/103): https://fanteziigreieriprostii.ro/2025/12/07/ghidul-oracaitului-filosof/
2025-12-27 21:40:03,573 [INFO] Saved: downloaded_html_fantezii_articles\2025-12-07-ghidul-oracaitului-filosof.html
2025-12-27 21:40:07,043 [INFO] Downloading (72/103): https://fanteziigreieriprostii.ro/2025/12/01/anatomia-unei-relatii-efemere/
2025-12-27 21:40:14,228 [INFO] Saved: downloaded_html_fantezii_articles\2025-12-01-anatomia-unei-relatii-efemere.html
2025-12-27 21:40:17,722 [INFO] Downloading (73/103): https://fanteziigreieriprostii.ro/2025/11/25/n-am-terminat-tonitza-dar-te-am-terminat-pe-tine/
2025-12-27 21:40:39,460 [INFO] Saved: downloaded_html_fantezii_articles\2025-11-25-n-am-terminat-tonitza-dar-te-am-terminat-pe-tine.html
2025-12-27 21:40:42,582 [INFO] Downloading (74/103): https://fanteziigreieriprostii.ro/2025/11/22/autenticitate-sau-autosabotaj-tacerea-care-tine-loc-de-strigat/
2025-12-27 21:40:44,847 [INFO] Saved: downloaded_html_fantezii_articles\2025-11-22-autenticitate-sau-autosabotaj-tacerea-care-tine-loc-de-strigat.html
2025-12-27 21:40:47,115 [INFO] Downloading (75/103): https://fanteziigreieriprostii.ro/2025/11/21/a-spune-lucrurilor-pe-nume-act-de-curaj-sau-cruzime/
2025-12-27 21:40:48,916 [INFO] Saved: downloaded_html_fantezii_articles\2025-11-21-a-spune-lucrurilor-pe-nume-act-de-curaj-sau-cruzime.html
2025-12-27 21:40:51,781 [INFO] Downloading (76/103): https://fanteziigreieriprostii.ro/2025/11/16/in-goana-dupa-viata/
2025-12-27 21:41:01,387 [INFO] Saved: downloaded_html_fantezii_articles\2025-11-16-in-goana-dupa-viata.html
2025-12-27 21:41:04,019 [INFO] Downloading (77/103): https://fanteziigreieriprostii.ro/2025/11/15/sub-aparente-usore-ganduri-grele/
2025-12-27 21:41:08,474 [INFO] Saved: downloaded_html_fantezii_articles\2025-11-15-sub-aparente-usore-ganduri-grele.html
2025-12-27 21:41:11,800 [INFO] Downloading (78/103): https://fanteziigreieriprostii.ro/2025/11/12/113/
2025-12-27 21:41:14,221 [INFO] Saved: downloaded_html_fantezii_articles\2025-11-12-113.html
2025-12-27 21:41:16,832 [INFO] Downloading (79/103): https://fanteziigreieriprostii.ro/2025/11/11/ai-tot-dar-nu-contezi-in-tacere/
2025-12-27 21:41:33,743 [INFO] Saved: downloaded_html_fantezii_articles\2025-11-11-ai-tot-dar-nu-contezi-in-tacere.html
2025-12-27 21:41:36,931 [INFO] Downloading (80/103): https://fanteziigreieriprostii.ro/2025/10/29/eficienta-tupeului-vs-etica-curajului/
2025-12-27 21:41:40,075 [INFO] Saved: downloaded_html_fantezii_articles\2025-10-29-eficienta-tupeului-vs-etica-curajului.html
2025-12-27 21:41:42,729 [INFO] Downloading (81/103): https://fanteziigreieriprostii.ro/2025/10/29/timpuri-pierdute-si-conjugari-inutile-scurt-eseu-despre-traumele-gramaticale-ale-copilariei/
2025-12-27 21:41:45,497 [INFO] Saved: downloaded_html_fantezii_articles\2025-10-29-timpuri-pierdute-si-conjugari-inutile-scurt-eseu-despre-traumele-gramaticale-ale-copilariei.html
2025-12-27 21:41:47,723 [INFO] Downloading (82/103): https://fanteziigreieriprostii.ro/2025/10/25/sub-masca-civilizatiei-prabusirea-instinctuala-a-masculinului-modern/
2025-12-27 21:41:52,511 [INFO] Saved: downloaded_html_fantezii_articles\2025-10-25-sub-masca-civilizatiei-prabusirea-instinctuala-a-masculinului-modern.html
2025-12-27 21:41:55,869 [INFO] Downloading (83/103): https://fanteziigreieriprostii.ro/2025/10/25/rusinea-mostenita-cum-am-invatat-ca-sexul-e-un-pacat-nu-o-putere/
2025-12-27 21:42:17,929 [INFO] Saved: downloaded_html_fantezii_articles\2025-10-25-rusinea-mostenita-cum-am-invatat-ca-sexul-e-un-pacat-nu-o-putere.html
2025-12-27 21:42:20,690 [INFO] Downloading (84/103): https://fanteziigreieriprostii.ro/2025/10/22/a-fi-sau-a-avea-drama-unei-specii-care-a-uitat-diferenta/
2025-12-27 21:42:22,704 [INFO] Saved: downloaded_html_fantezii_articles\2025-10-22-a-fi-sau-a-avea-drama-unei-specii-care-a-uitat-diferenta.html
2025-12-27 21:42:25,865 [INFO] Downloading (85/103): https://fanteziigreieriprostii.ro/2025/10/22/tomex-intersectia-dintre-fizica-atmosferica-si-progresul-aerospatial/
2025-12-27 21:42:31,950 [INFO] Saved: downloaded_html_fantezii_articles\2025-10-22-tomex-intersectia-dintre-fizica-atmosferica-si-progresul-aerospatial.html
2025-12-27 21:42:35,022 [INFO] Downloading (86/103): https://fanteziigreieriprostii.ro/2025/10/21/abis-senzual/
2025-12-27 21:42:41,085 [INFO] Saved: downloaded_html_fantezii_articles\2025-10-21-abis-senzual.html
2025-12-27 21:42:43,720 [INFO] Downloading (87/103): https://fanteziigreieriprostii.ro/2025/10/19/plin-de-toate-gol-de-sine-paradoxul-constiintei-si-materialismului/
2025-12-27 21:42:49,959 [INFO] Saved: downloaded_html_fantezii_articles\2025-10-19-plin-de-toate-gol-de-sine-paradoxul-constiintei-si-materialismului.html
2025-12-27 21:42:53,140 [INFO] Downloading (88/103): https://fanteziigreieriprostii.ro/2025/10/19/cand-n-ai-plug-dar-sapi-in-altii/
2025-12-27 21:43:08,619 [INFO] Saved: downloaded_html_fantezii_articles\2025-10-19-cand-n-ai-plug-dar-sapi-in-altii.html
2025-12-27 21:43:11,034 [INFO] Downloading (89/103): https://fanteziigreieriprostii.ro/2025/10/09/in-plus-sau-in-minus/
2025-12-27 21:43:15,107 [INFO] Saved: downloaded_html_fantezii_articles\2025-10-09-in-plus-sau-in-minus.html
2025-12-27 21:43:17,783 [INFO] Downloading (90/103): https://fanteziigreieriprostii.ro/2025/10/03/aparent-egali-jocul-fin-al-supunerii-sociale/
2025-12-27 21:43:38,321 [INFO] Saved: downloaded_html_fantezii_articles\2025-10-03-aparent-egali-jocul-fin-al-supunerii-sociale.html
2025-12-27 21:43:40,515 [INFO] Downloading (91/103): https://fanteziigreieriprostii.ro/2025/09/28/in-prezenta-unei-absente/
2025-12-27 21:43:45,200 [INFO] Saved: downloaded_html_fantezii_articles\2025-09-28-in-prezenta-unei-absente.html
2025-12-27 21:43:48,544 [INFO] Downloading (92/103): https://fanteziigreieriprostii.ro/2025/09/23/iti-curg-pe-ganduri/
2025-12-27 21:43:53,389 [INFO] Saved: downloaded_html_fantezii_articles\2025-09-23-iti-curg-pe-ganduri.html
2025-12-27 21:43:56,103 [INFO] Downloading (93/103): https://fanteziigreieriprostii.ro/2025/09/22/in-culisele-timpului-calatoria-intre-efemer-si-infinit/
2025-12-27 21:43:58,725 [INFO] Saved: downloaded_html_fantezii_articles\2025-09-22-in-culisele-timpului-calatoria-intre-efemer-si-infinit.html
2025-12-27 21:44:01,409 [INFO] Downloading (94/103): https://fanteziigreieriprostii.ro/2025/09/20/indicatorii-comportamentali-si-dualitatea-adevarului-intre-gest-si-intentie/
2025-12-27 21:44:04,634 [INFO] Saved: downloaded_html_fantezii_articles\2025-09-20-indicatorii-comportamentali-si-dualitatea-adevarului-intre-gest-si-intentie.html
2025-12-27 21:44:07,585 [INFO] Downloading (95/103): https://fanteziigreieriprostii.ro/2025/09/17/daca-ai-o-bricheta-si-boarding-pass-ul-ai-tot-ce-conteaza-let-s-go/
2025-12-27 21:44:17,605 [INFO] Saved: downloaded_html_fantezii_articles\2025-09-17-daca-ai-o-bricheta-si-boarding-pass-ul-ai-tot-ce-conteaza-let-s-go.html
2025-12-27 21:44:20,460 [INFO] Downloading (96/103): https://fanteziigreieriprostii.ro/2025/09/15/snobismul-poarta-logo-pasiunea-poarta-sens/
2025-12-27 21:44:23,902 [INFO] Saved: downloaded_html_fantezii_articles\2025-09-15-snobismul-poarta-logo-pasiunea-poarta-sens.html
2025-12-27 21:44:27,202 [INFO] Downloading (97/103): https://fanteziigreieriprostii.ro/2025/08/18/o-lume-pe-jumatate-o-fanta-la-jumatate/
2025-12-27 21:44:31,670 [INFO] Saved: downloaded_html_fantezii_articles\2025-08-18-o-lume-pe-jumatate-o-fanta-la-jumatate.html
2025-12-27 21:44:34,972 [INFO] Downloading (98/103): https://fanteziigreieriprostii.ro/2025/08/14/simte-ca-nu-minte/
2025-12-27 21:44:36,646 [INFO] Saved: downloaded_html_fantezii_articles\2025-08-14-simte-ca-nu-minte.html
2025-12-27 21:44:39,461 [INFO] Downloading (99/103): https://fanteziigreieriprostii.ro/2025/08/12/docilitate-si-putere-paradoxul-feminitatii/
2025-12-27 21:44:41,160 [INFO] Saved: downloaded_html_fantezii_articles\2025-08-12-docilitate-si-putere-paradoxul-feminitatii.html
2025-12-27 21:44:43,601 [INFO] Downloading (100/103): https://fanteziigreieriprostii.ro/2025/08/09/794/
2025-12-27 21:44:50,634 [INFO] Saved: downloaded_html_fantezii_articles\2025-08-09-794.html
2025-12-27 21:44:53,305 [INFO] Downloading (101/103): https://fanteziigreieriprostii.ro/2025/08/08/relatia-dintre-afect-si-memorie-contureaza-modul-in-care-trairile-devin-amintiri-durabile/
2025-12-27 21:44:55,706 [INFO] Saved: downloaded_html_fantezii_articles\2025-08-08-relatia-dintre-afect-si-memorie-contureaza-modul-in-care-trairile-devin-amintiri-durabile.html
2025-12-27 21:44:58,087 [INFO] Downloading (102/103): https://fanteziigreieriprostii.ro/2025/08/06/oedip-si-umbrele-legaturii-materne-eliberarea-sau-captivitate-eterna-mascata-in-grija/
2025-12-27 21:45:28,096 [ERROR] Timeout while downloading: https://fanteziigreieriprostii.ro/2025/08/06/oedip-si-umbrele-legaturii-materne-eliberarea-sau-captivitate-eterna-mascata-in-grija/
2025-12-27 21:45:30,121 [INFO] Downloading (103/103): https://fanteziigreieriprostii.ro/2025/08/04/intre-instinct-si-adevar/
2025-12-27 21:45:46,982 [INFO] Saved: downloaded_html_fantezii_articles\2025-08-04-intre-instinct-si-adevar.html
